// Jest Snapshot v1, https://goo.gl/fbAQLP

exports[`<PodcastByIdDescription/> PodcastByIdDescription snapshot  1`] = `
<div>
  <div
    class="MuiPaper-root MuiPaper-elevation MuiPaper-rounded MuiPaper-elevation1 MuiCard-root css-mt5148-MuiPaper-root-MuiCard-root"
  >
    <div
      class="MuiCardContent-root css-46bh2p-MuiCardContent-root"
    >
      <h4
        class="MuiTypography-root MuiTypography-h4 css-5lbw0b-MuiTypography-root"
      >
        Friday Night Karaoke
      </h4>
      <p>
        It's Episode 50 of the Friday Night Karaoke Podcast, and the theme of the week was #FNKDedication.
      </p>
      <audio
        controls=""
        src="https://www.podtrac.com/pts/redirect.mp3/chrt.fm/track/35F11F/traffic.megaphone.fm/MOWM5486612603.mp3?updated=1684229072"
        style="width: 100%;"
      />
    </div>
  </div>
</div>
`;
